flush_all
OK
set mykey 1 0 2
hi
STORED
incr mykey 3
CLIENT_ERROR cannot increment or decrement non-numeric value
set key 1 0 2
50
STORED
incr key 5
55
set key 1 0 2
78
STORED
incr key -5
CLIENT_ERROR invalid numeric delta argument
quit
