flush_all
OK
set first 1 0 2
hi
STORED
set second 1 0 3
hey
STORED
set third 1 0 4
heya
STORED
set fourth 1 0 10
1234567890
STORED
set fifth 0 0 8 
Hello hi
STORED
set sixth 12 0 5
Yello
STORED
set seventh 17 0 1
K
STORED
get first
END
set eighth 13 0 7 
Helloyu
STORED
get second
END
get third
END
quit
