flush_all
OK
set key 1 0 4
test
STORED
add key 1 0 2
hi
NOT_STORED
replace key 1 0 7
changed
STORED
append key 1 0 3
ing
STORED
prepend key 1 0 3
new
STORED
get key
VALUE key 1 13
newchangeding
END
delete key
DELETED
quit
