flush_all
OK
set mykey 1 0 4
test
STORED
add key 1 0 2
hi
STORED
replace key 1 0 7
changed
STORED
append mykey 1 0 3
ing
STORED
prepend mykey 1 0 3
new
STORED
quit
